Archive member included to satisfy reference by file (symbol)

c:/program files (x86)/atollic/truestudio for stm32 9.3.0/armtools/bin/../lib/gcc/arm-atollic-eabi/6.3.1/../../../../arm-atollic-eabi/lib/armv7e-m/fpu\libc_nano.a(lib_a-errno.o)
                              Core\Src\syscalls.o (__errno)
c:/program files (x86)/atollic/truestudio for stm32 9.3.0/armtools/bin/../lib/gcc/arm-atollic-eabi/6.3.1/../../../../arm-atollic-eabi/lib/armv7e-m/fpu\libc_nano.a(lib_a-impure.o)
                              c:/program files (x86)/atollic/truestudio for stm32 9.3.0/armtools/bin/../lib/gcc/arm-atollic-eabi/6.3.1/../../../../arm-atollic-eabi/lib/armv7e-m/fpu\libc_nano.a(lib_a-errno.o) (_impure_ptr)
c:/program files (x86)/atollic/truestudio for stm32 9.3.0/armtools/bin/../lib/gcc/arm-atollic-eabi/6.3.1/../../../../arm-atollic-eabi/lib/armv7e-m/fpu\libc_nano.a(lib_a-init.o)
                              startup\startup_stm32l451xx.o (__libc_init_array)
c:/program files (x86)/atollic/truestudio for stm32 9.3.0/armtools/bin/../lib/gcc/arm-atollic-eabi/6.3.1/../../../../arm-atollic-eabi/lib/armv7e-m/fpu\libc_nano.a(lib_a-memset.o)
                              Core\Src\main.o (memset)

Allocating common symbols
Common symbol       size              file

keyChanged          0x1               Core\Src\driverButtons.o
hi2c1               0x4c              Core\Src\main.o
uwTick              0x4               Drivers\STM32L4xx_HAL_Driver\Src\stm32l4xx_hal.o
hadc1               0x68              Core\Src\main.o
action              0x1               Core\Src\appMotor.o
hspi1               0x64              Core\Src\main.o
hcan1               0x28              Core\Src\main.o
setup_pressed       0x2               Core\Src\driverButtons.o
motorOn             0x1               Core\Src\appMotor.o

Discarded input sections

 .text          0x00000000        0x0 c:/program files (x86)/atollic/truestudio for stm32 9.3.0/armtools/bin/../lib/gcc/arm-atollic-eabi/6.3.1/armv7e-m/fpu/crti.o
 .data          0x00000000        0x0 c:/program files (x86)/atollic/truestudio for stm32 9.3.0/armtools/bin/../lib/gcc/arm-atollic-eabi/6.3.1/armv7e-m/fpu/crti.o
 .bss           0x00000000        0x0 c:/program files (x86)/atollic/truestudio for stm32 9.3.0/armtools/bin/../lib/gcc/arm-atollic-eabi/6.3.1/armv7e-m/fpu/crti.o
 .data          0x00000000        0x4 c:/program files (x86)/atollic/truestudio for stm32 9.3.0/armtools/bin/../lib/gcc/arm-atollic-eabi/6.3.1/armv7e-m/fpu/crtbegin.o
 .text          0x00000000        0x0 Core\Src\appLED.o
 .data          0x00000000        0x0 Core\Src\appLED.o
 .bss           0x00000000        0x0 Core\Src\appLED.o
 .bss.ledState  0x00000000        0x1 Core\Src\appLED.o
 .bss.opSignalTime
                0x00000000        0x2 Core\Src\appLED.o
 .text.AppLEDSignal
                0x00000000      0x178 Core\Src\appLED.o
 .text          0x00000000        0x0 Core\Src\appMotor.o
 .data          0x00000000        0x0 Core\Src\appMotor.o
 .bss           0x00000000        0x0 Core\Src\appMotor.o
 .text.MotorInit
                0x00000000        0xe Core\Src\appMotor.o
 .text          0x00000000        0x0 Core\Src\appStateMachine.o
 .data          0x00000000        0x0 Core\Src\appStateMachine.o
 .bss           0x00000000        0x0 Core\Src\appStateMachine.o
 .text          0x00000000        0x0 Core\Src\driverButtons.o
 .data          0x00000000        0x0 Core\Src\driverButtons.o
 .bss           0x00000000        0x0 Core\Src\driverButtons.o
 .bss.setup_hist
                0x00000000        0x2 Core\Src\driverButtons.o
 .text.ButtonChanged
                0x00000000       0x24 Core\Src\driverButtons.o
 .text.ButtonSample
                0x00000000        0xe Core\Src\driverButtons.o
 COMMON         0x00000000        0x4 Core\Src\driverButtons.o
 .text          0x00000000        0x0 Core\Src\main.o
 .data          0x00000000        0x0 Core\Src\main.o
 .bss           0x00000000        0x0 Core\Src\main.o
 .text          0x00000000        0x0 Core\Src\stm32l4xx_hal_msp.o
 .data          0x00000000        0x0 Core\Src\stm32l4xx_hal_msp.o
 .bss           0x00000000        0x0 Core\Src\stm32l4xx_hal_msp.o
 .text.HAL_ADC_MspDeInit
                0x00000000       0x44 Core\Src\stm32l4xx_hal_msp.o
 .text.HAL_CAN_MspDeInit
                0x00000000       0x3c Core\Src\stm32l4xx_hal_msp.o
 .text.HAL_I2C_MspDeInit
                0x00000000       0x48 Core\Src\stm32l4xx_hal_msp.o
 .text.HAL_SPI_MspDeInit
                0x00000000       0x38 Core\Src\stm32l4xx_hal_msp.o
 .text          0x00000000        0x0 Core\Src\stm32l4xx_it.o
 .data          0x00000000        0x0 Core\Src\stm32l4xx_it.o
 .bss           0x00000000        0x0 Core\Src\stm32l4xx_it.o
 .text          0x00000000        0x0 Core\Src\syscalls.o
 .data          0x00000000        0x0 Core\Src\syscalls.o
 .bss           0x00000000        0x0 Core\Src\syscalls.o
 .bss.__env     0x00000000        0x4 Core\Src\syscalls.o
[...]
Memory Configuration

Name             Origin             Length             Attributes
RAM              0x20000000         0x00028000         xrw
FLASH            0x08000000         0x00080000         xr
*default*        0x00000000         0xffffffff

Linker script and memory map

LOAD c:/program files (x86)/atollic/truestudio for stm32 9.3.0/armtools/bin/../lib/gcc/arm-atollic-eabi/6.3.1/armv7e-m/fpu/crti.o
LOAD c:/program files (x86)/atollic/truestudio for stm32 9.3.0/armtools/bin/../lib/gcc/arm-atollic-eabi/6.3.1/armv7e-m/fpu/crtbegin.o
LOAD Core\Src\appLED.o
LOAD Core\Src\appMotor.o
LOAD Core\Src\appStateMachine.o
LOAD Core\Src\driverButtons.o
LOAD Core\Src\main.o
LOAD Core\Src\stm32l4xx_hal_msp.o
LOAD Core\Src\stm32l4xx_it.o
LOAD Core\Src\syscalls.o
LOAD Core\Src\system_stm32l4xx.o
LOAD Drivers\STM32L4xx_HAL_Driver\Src\stm32l4xx_hal.o
LOAD Drivers\STM32L4xx_HAL_Driver\Src\stm32l4xx_hal_adc.o
LOAD Drivers\STM32L4xx_HAL_Driver\Src\stm32l4xx_hal_adc_ex.o
LOAD Drivers\STM32L4xx_HAL_Driver\Src\stm32l4xx_hal_can.o
LOAD Drivers\STM32L4xx_HAL_Driver\Src\stm32l4xx_hal_cortex.o
LOAD Drivers\STM32L4xx_HAL_Driver\Src\stm32l4xx_hal_dma.o
LOAD Drivers\STM32L4xx_HAL_Driver\Src\stm32l4xx_hal_dma_ex.o
LOAD Drivers\STM32L4xx_HAL_Driver\Src\stm32l4xx_hal_exti.o
LOAD Drivers\STM32L4xx_HAL_Driver\Src\stm32l4xx_hal_flash.o
LOAD Drivers\STM32L4xx_HAL_Driver\Src\stm32l4xx_hal_flash_ex.o
LOAD Drivers\STM32L4xx_HAL_Driver\Src\stm32l4xx_hal_flash_ramfunc.o
LOAD Drivers\STM32L4xx_HAL_Driver\Src\stm32l4xx_hal_gpio.o
LOAD Drivers\STM32L4xx_HAL_Driver\Src\stm32l4xx_hal_i2c.o
LOAD Drivers\STM32L4xx_HAL_Driver\Src\stm32l4xx_hal_i2c_ex.o
LOAD Drivers\STM32L4xx_HAL_Driver\Src\stm32l4xx_hal_pwr.o
LOAD Drivers\STM32L4xx_HAL_Driver\Src\stm32l4xx_hal_pwr_ex.o
LOAD Drivers\STM32L4xx_HAL_Driver\Src\stm32l4xx_hal_rcc.o
LOAD Drivers\STM32L4xx_HAL_Driver\Src\stm32l4xx_hal_rcc_ex.o
LOAD Drivers\STM32L4xx_HAL_Driver\Src\stm32l4xx_hal_spi.o
LOAD Drivers\STM32L4xx_HAL_Driver\Src\stm32l4xx_hal_spi_ex.o
LOAD Drivers\STM32L4xx_HAL_Driver\Src\stm32l4xx_hal_tim.o
LOAD Drivers\STM32L4xx_HAL_Driver\Src\stm32l4xx_hal_tim_ex.o
LOAD startup\startup_stm32l451xx.o
                0x00000080                malloc_getpagesize_P = 0x80
START GROUP
LOAD c:/program files (x86)/atollic/truestudio for stm32 9.3.0/armtools/bin/../lib/gcc/arm-atollic-eabi/6.3.1/../../../../arm-atollic-eabi/lib/armv7e-m/fpu\libc_nano.a
LOAD c:/program files (x86)/atollic/truestudio for stm32 9.3.0/armtools/bin/../lib/gcc/arm-atollic-eabi/6.3.1/../../../../arm-atollic-eabi/lib/armv7e-m/fpu\libm.a
END GROUP
START GROUP
LOAD c:/program files (x86)/atollic/truestudio for stm32 9.3.0/armtools/bin/../lib/gcc/arm-atollic-eabi/6.3.1/armv7e-m/fpu\libgcc.a
LOAD c:/program files (x86)/atollic/truestudio for stm32 9.3.0/armtools/bin/../lib/gcc/arm-atollic-eabi/6.3.1/../../../../arm-atollic-eabi/lib/armv7e-m/fpu\libc_nano.a
END GROUP
START GROUP
LOAD c:/program files (x86)/atollic/truestudio for stm32 9.3.0/armtools/bin/../lib/gcc/arm-atollic-eabi/6.3.1/armv7e-m/fpu\libgcc.a
LOAD c:/program files (x86)/atollic/truestudio for stm32 9.3.0/armtools/bin/../lib/gcc/arm-atollic-eabi/6.3.1/../../../../arm-atollic-eabi/lib/armv7e-m/fpu\libc_nano.a
LOAD c:/program files (x86)/atollic/truestudio for stm32 9.3.0/armtools/bin/../lib/gcc/arm-atollic-eabi/6.3.1/../../../../arm-atollic-eabi/lib/armv7e-m/fpu\libnosys.a
END GROUP
START GROUP
LOAD c:/program files (x86)/atollic/truestudio for stm32 9.3.0/armtools/bin/../lib/gcc/arm-atollic-eabi/6.3.1/armv7e-m/fpu\libgcc.a
LOAD c:/program files (x86)/atollic/truestudio for stm32 9.3.0/armtools/bin/../lib/gcc/arm-atollic-eabi/6.3.1/../../../../arm-atollic-eabi/lib/armv7e-m/fpu\libc_nano.a
LOAD c:/program files (x86)/atollic/truestudio for stm32 9.3.0/armtools/bin/../lib/gcc/arm-atollic-eabi/6.3.1/../../../../arm-atollic-eabi/lib/armv7e-m/fpu\libnosys.a
END GROUP
LOAD c:/program files (x86)/atollic/truestudio for stm32 9.3.0/armtools/bin/../lib/gcc/arm-atollic-eabi/6.3.1/armv7e-m/fpu/crtend.o
LOAD c:/program files (x86)/atollic/truestudio for stm32 9.3.0/armtools/bin/../lib/gcc/arm-atollic-eabi/6.3.1/armv7e-m/fpu/crtn.o
                0x20028000                _estack = 0x20028000
                0x00000200                _Min_Heap_Size = 0x200
                0x00000400                _Min_Stack_Size = 0x400

.isr_vector     0x08000000      0x194
                0x08000000                . = ALIGN (0x4)
 *(.isr_vector)
 .isr_vector    0x08000000      0x194 startup\startup_stm32l451xx.o
                0x08000000                g_pfnVectors
                0x08000194                . = ALIGN (0x4)

.text           0x08000194     0x3a54
                0x08000194                . = ALIGN (0x4)
 *(.text)
 .text          0x08000194       0x40 c:/program files (x86)/atollic/truestudio for stm32 9.3.0/armtools/bin/../lib/gcc/arm-atollic-eabi/6.3.1/armv7e-m/fpu/crtbegin.o
 *(.text*)
 .text.LedTask  0x080001d4       0xdc Core\Src\appLED.o
                0x080001d4                LedTask
 .text.BrakeInit
                0x080002b0       0x24 Core\Src\appMotor.o
                0x080002b0                BrakeInit
 .text.MotorOff
                0x080002d4       0xd4 Core\Src\appMotor.o
                0x080002d4                MotorOff
 .text.MotorCCW
                0x080003a8       0x7c Core\Src\appMotor.o
                0x080003a8                MotorCCW
 .text.MotorCW  0x08000424       0x7c Core\Src\appMotor.o
                0x08000424                MotorCW
 .text.AppStateInit
                0x080004a0       0x40 Core\Src\appStateMachine.o
                0x080004a0                AppStateInit
 .text.AppStateGet
                0x080004e0       0x18 Core\Src\appStateMachine.o
                0x080004e0                AppStateGet
 .text.AppTask  0x080004f8       0xa4 Core\Src\appStateMachine.o
                0x080004f8                AppTask
 .text.ButtonInit
                0x0800059c        0xe Core\Src\driverButtons.o
                0x0800059c                ButtonInit
 .text.main     0x080005aa       0x36 Core\Src\main.o
                0x080005aa                main
 .text.SystemClock_Config
                0x080005e0       0xfe Core\Src\main.o
                0x080005e0                SystemClock_Config
 *fill*         0x080006de        0x2 
 .text.MX_ADC1_Init
                0x080006e0       0xc8 Core\Src\main.o
 .text.MX_CAN1_Init
                0x080007a8       0x6c Core\Src\main.o
 .text.MX_I2C1_Init
                0x08000814       0x80 Core\Src\main.o
 .text.MX_SPI1_Init
                0x08000894       0x7c Core\Src\main.o
 .text.MX_GPIO_Init
                0x08000910      0x200 Core\Src\main.o
 .text.Error_Handler
                0x08000b10        0xe Core\Src\main.o
                0x08000b10                Error_Handler
 *fill*         0x08000b1e        0x2 
 .text.HAL_MspInit
                0x08000b20       0x54 Core\Src\stm32l4xx_hal_msp.o
                0x08000b20                HAL_MspInit
 .text.HAL_ADC_MspInit
                0x08000b74       0xb0 Core\Src\stm32l4xx_hal_msp.o
                0x08000b74                HAL_ADC_MspInit
 .text.HAL_CAN_MspInit
                0x08000c24       0x88 Core\Src\stm32l4xx_hal_msp.o
                0x08000c24                HAL_CAN_MspInit
 .text.HAL_I2C_MspInit
                0x08000cac       0x88 Core\Src\stm32l4xx_hal_msp.o
                0x08000cac                HAL_I2C_MspInit
 .text.HAL_SPI_MspInit
                0x08000d34       0x84 Core\Src\stm32l4xx_hal_msp.o
                0x08000d34                HAL_SPI_MspInit
 .text.NMI_Handler
                0x08000db8        0xe Core\Src\stm32l4xx_it.o
                0x08000db8                NMI_Handler
 .text.HardFault_Handler
                0x08000dc6        0x6 Core\Src\stm32l4xx_it.o
                0x08000dc6                HardFault_Handler
 .text.MemManage_Handler
                0x08000dcc        0x6 Core\Src\stm32l4xx_it.o
                0x08000dcc                MemManage_Handler
 .text.BusFault_Handler
                0x08000dd2        0x6 Core\Src\stm32l4xx_it.o
                0x08000dd2                BusFault_Handler
 .text.UsageFault_Handler
                0x08000dd8        0x6 Core\Src\stm32l4xx_it.o
                0x08000dd8                UsageFault_Handler
 .text.SVC_Handler
                0x08000dde        0xe Core\Src\stm32l4xx_it.o
                0x08000dde                SVC_Handler
 .text.DebugMon_Handler
                0x08000dec        0xe Core\Src\stm32l4xx_it.o
                0x08000dec                DebugMon_Handler
 .text.PendSV_Handler
                0x08000dfa        0xe Core\Src\stm32l4xx_it.o
                0x08000dfa                PendSV_Handler
 .text.SysTick_Handler
                0x08000e08        0xc Core\Src\stm32l4xx_it.o
                0x08000e08                SysTick_Handler
 .text.RCC_IRQHandler
                0x08000e14        0xe Core\Src\stm32l4xx_it.o
                0x08000e14                RCC_IRQHandler
 *fill*         0x08000e22        0x2 
 .text.SystemInit
                0x08000e24       0x6c Core\Src\system_stm32l4xx.o
                0x08000e24                SystemInit
 .text.HAL_Init
                0x08000e90       0x30 Drivers\STM32L4xx_HAL_Driver\Src\stm32l4xx_hal.o
                0x08000e90                HAL_Init
 .text.HAL_InitTick
                0x08000ec0       0x78 Drivers\STM32L4xx_HAL_Driver\Src\stm32l4xx_hal.o
                0x08000ec0                HAL_InitTick
 .text.HAL_IncTick
                0x08000f38       0x28 Drivers\STM32L4xx_HAL_Driver\Src\stm32l4xx_hal.o
                0x08000f38                HAL_IncTick
 .text.HAL_GetTick
                0x08000f60       0x18 Drivers\STM32L4xx_HAL_Driver\Src\stm32l4xx_hal.o
                0x08000f60                HAL_GetTick
 .text.LL_ADC_SetCommonClock
                0x08000f78       0x26 Drivers\STM32L4xx_HAL_Driver\Src\stm32l4xx_hal_adc.o
 .text.LL_ADC_SetCommonPathInternalCh
                0x08000f9e       0x26 Drivers\STM32L4xx_HAL_Driver\Src\stm32l4xx_hal_adc.o
 .text.LL_ADC_GetCommonPathInternalCh
                0x08000fc4       0x1c Drivers\STM32L4xx_HAL_Driver\Src\stm32l4xx_hal_adc.o
 .text.LL_ADC_SetOffset
                0x08000fe0       0x48 Drivers\STM32L4xx_HAL_Driver\Src\stm32l4xx_hal_adc.o
 .text.LL_ADC_GetOffsetChannel
                0x08001028       0x2c Drivers\STM32L4xx_HAL_Driver\Src\stm32l4xx_hal_adc.o
 .text.LL_ADC_SetOffsetState
                0x08001054       0x36 Drivers\STM32L4xx_HAL_Driver\Src\stm32l4xx_hal_adc.o
 .text.LL_ADC_SetSamplingTimeCommonConfig
                0x0800108a       0x26 Drivers\STM32L4xx_HAL_Driver\Src\stm32l4xx_hal_adc.o
 .text.LL_ADC_REG_SetSequencerRanks
                0x080010b0       0x58 Drivers\STM32L4xx_HAL_Driver\Src\stm32l4xx_hal_adc.o
 .text.LL_ADC_SetChannelSamplingTime
                0x08001108       0x56 Drivers\STM32L4xx_HAL_Driver\Src\stm32l4xx_hal_adc.o
 *fill*         0x0800115e        0x2 
 .text.LL_ADC_SetChannelSingleDiff
                0x08001160       0x48 Drivers\STM32L4xx_HAL_Driver\Src\stm32l4xx_hal_adc.o
 .text.LL_ADC_DisableDeepPowerDown
                0x080011a8       0x24 Drivers\STM32L4xx_HAL_Driver\Src\stm32l4xx_hal_adc.o
 .text.LL_ADC_IsDeepPowerDownEnabled
                0x080011cc       0x28 Drivers\STM32L4xx_HAL_Driver\Src\stm32l4xx_hal_adc.o
 .text.LL_ADC_EnableInternalRegulator
                0x080011f4       0x28 Drivers\STM32L4xx_HAL_Driver\Src\stm32l4xx_hal_adc.o
 .text.LL_ADC_IsInternalRegulatorEnabled
                0x0800121c       0x28 Drivers\STM32L4xx_HAL_Driver\Src\stm32l4xx_hal_adc.o
 .text.LL_ADC_IsEnabled
                0x08001244       0x26 Drivers\STM32L4xx_HAL_Driver\Src\stm32l4xx_hal_adc.o
 .text.LL_ADC_REG_IsConversionOngoing
                0x0800126a       0x26 Drivers\STM32L4xx_HAL_Driver\Src\stm32l4xx_hal_adc.o
 .text.LL_ADC_INJ_IsConversionOngoing
                0x08001290       0x26 Drivers\STM32L4xx_HAL_Driver\Src\stm32l4xx_hal_adc.o
 *fill*         0x080012b6        0x2 
 .text.HAL_ADC_Init
                0x080012b8      0x294 Drivers\STM32L4xx_HAL_Driver\Src\stm32l4xx_hal_adc.o
                0x080012b8                HAL_ADC_Init
 .text.HAL_ADC_ConfigChannel
                0x0800154c      0x7f0 Drivers\STM32L4xx_HAL_Driver\Src\stm32l4xx_hal_adc.o
                0x0800154c                HAL_ADC_ConfigChannel
 .text.HAL_CAN_Init
                0x08001d3c      0x1f4 Drivers\STM32L4xx_HAL_Driver\Src\stm32l4xx_hal_can.o
                0x08001d3c                HAL_CAN_Init
 .text.__NVIC_SetPriorityGrouping
                0x08001f30       0x48 Drivers\STM32L4xx_HAL_Driver\Src\stm32l4xx_hal_cortex.o
 .text.__NVIC_GetPriorityGrouping
                0x08001f78       0x1c Drivers\STM32L4xx_HAL_Driver\Src\stm32l4xx_hal_cortex.o
 .text.__NVIC_EnableIRQ
                0x08001f94       0x3c Drivers\STM32L4xx_HAL_Driver\Src\stm32l4xx_hal_cortex.o
 .text.__NVIC_SetPriority
                0x08001fd0       0x54 Drivers\STM32L4xx_HAL_Driver\Src\stm32l4xx_hal_cortex.o
 .text.NVIC_EncodePriority
                0x08002024       0x62 Drivers\STM32L4xx_HAL_Driver\Src\stm32l4xx_hal_cortex.o
 *fill*         0x08002086        0x2 
 .text.SysTick_Config
                0x08002088       0x44 Drivers\STM32L4xx_HAL_Driver\Src\stm32l4xx_hal_cortex.o
 .text.HAL_NVIC_SetPriorityGrouping
                0x080020cc       0x16 Drivers\STM32L4xx_HAL_Driver\Src\stm32l4xx_hal_cortex.o
                0x080020cc                HAL_NVIC_SetPriorityGrouping
 .text.HAL_NVIC_SetPriority
                0x080020e2       0x38 Drivers\STM32L4xx_HAL_Driver\Src\stm32l4xx_hal_cortex.o
                0x080020e2                HAL_NVIC_SetPriority
 .text.HAL_NVIC_EnableIRQ
                0x0800211a       0x1c Drivers\STM32L4xx_HAL_Driver\Src\stm32l4xx_hal_cortex.o
                0x0800211a                HAL_NVIC_EnableIRQ
 .text.HAL_SYSTICK_Config
                0x08002136       0x18 Drivers\STM32L4xx_HAL_Driver\Src\stm32l4xx_hal_cortex.o
                0x08002136                HAL_SYSTICK_Config
 *fill*         0x0800214e        0x2 
 .text.HAL_GPIO_Init
                0x08002150      0x2f4 Drivers\STM32L4xx_HAL_Driver\Src\stm32l4xx_hal_gpio.o
                0x08002150                HAL_GPIO_Init
 .text.HAL_GPIO_ReadPin
                0x08002444       0x30 Drivers\STM32L4xx_HAL_Driver\Src\stm32l4xx_hal_gpio.o
                0x08002444                HAL_GPIO_ReadPin
 .text.HAL_GPIO_WritePin
                0x08002474       0x30 Drivers\STM32L4xx_HAL_Driver\Src\stm32l4xx_hal_gpio.o
                0x08002474                HAL_GPIO_WritePin
 .text.HAL_I2C_Init
                0x080024a4      0x11c Drivers\STM32L4xx_HAL_Driver\Src\stm32l4xx_hal_i2c.o
                0x080024a4                HAL_I2C_Init
 .text.HAL_I2CEx_ConfigAnalogFilter
                0x080025c0       0x96 Drivers\STM32L4xx_HAL_Driver\Src\stm32l4xx_hal_i2c_ex.o
                0x080025c0                HAL_I2CEx_ConfigAnalogFilter
 .text.HAL_I2CEx_ConfigDigitalFilter
                0x08002656       0x98 Drivers\STM32L4xx_HAL_Driver\Src\stm32l4xx_hal_i2c_ex.o
                0x08002656                HAL_I2CEx_ConfigDigitalFilter
 *fill*         0x080026ee        0x2 
 .text.HAL_PWREx_GetVoltageRange
                0x080026f0       0x1c Drivers\STM32L4xx_HAL_Driver\Src\stm32l4xx_hal_pwr_ex.o
                0x080026f0                HAL_PWREx_GetVoltageRange
 .text.HAL_PWREx_ControlVoltageScaling
                0x0800270c       0xac Drivers\STM32L4xx_HAL_Driver\Src\stm32l4xx_hal_pwr_ex.o
                0x0800270c                HAL_PWREx_ControlVoltageScaling
 .text.HAL_RCC_OscConfig
                0x080027b8      0x840 Drivers\STM32L4xx_HAL_Driver\Src\stm32l4xx_hal_rcc.o
                0x080027b8                HAL_RCC_OscConfig
 .text.HAL_RCC_ClockConfig
                0x08002ff8      0x1c4 Drivers\STM32L4xx_HAL_Driver\Src\stm32l4xx_hal_rcc.o
                0x08002ff8                HAL_RCC_ClockConfig
 .text.HAL_RCC_GetSysClockFreq
                0x080031bc      0x114 Drivers\STM32L4xx_HAL_Driver\Src\stm32l4xx_hal_rcc.o
                0x080031bc                HAL_RCC_GetSysClockFreq
 .text.RCC_SetFlashLatencyFromMSIRange
                0x080032d0       0xc0 Drivers\STM32L4xx_HAL_Driver\Src\stm32l4xx_hal_rcc.o
 .text.HAL_RCCEx_PeriphCLKConfig
                0x08003390      0x470 Drivers\STM32L4xx_HAL_Driver\Src\stm32l4xx_hal_rcc_ex.o
                0x08003390                HAL_RCCEx_PeriphCLKConfig
 .text.RCCEx_PLLSAI1_Config
                0x08003800      0x1e0 Drivers\STM32L4xx_HAL_Driver\Src\stm32l4xx_hal_rcc_ex.o
 .text.HAL_SPI_Init
                0x080039e0      0x142 Drivers\STM32L4xx_HAL_Driver\Src\stm32l4xx_hal_spi.o
                0x080039e0                HAL_SPI_Init
 *fill*         0x08003b22        0x2 
 .text.Reset_Handler
                0x08003b24       0x50 startup\startup_stm32l451xx.o
                0x08003b24                Reset_Handler
 .text.Default_Handler
                0x08003b74        0x2 startup\startup_stm32l451xx.o
                0x08003b74                RTC_Alarm_IRQHandler
                0x08003b74                EXTI2_IRQHandler
                0x08003b74                TIM1_CC_IRQHandler
                0x08003b74                TSC_IRQHandler
                0x08003b74                TAMP_STAMP_IRQHandler
                0x08003b74                EXTI3_IRQHandler
                0x08003b74                LPTIM2_IRQHandler
                0x08003b74                DFSDM1_FLT1_IRQHandler
                0x08003b74                I2C3_ER_IRQHandler
                0x08003b74                EXTI0_IRQHandler
                0x08003b74                I2C2_EV_IRQHandler
                0x08003b74                CAN1_RX0_IRQHandler
                0x08003b74                FPU_IRQHandler
                0x08003b74                TIM1_UP_TIM16_IRQHandler
                0x08003b74                SPI1_IRQHandler
                0x08003b74                TIM6_DAC_IRQHandler
                0x08003b74                DMA2_Channel2_IRQHandler
                0x08003b74                DMA1_Channel4_IRQHandler
                0x08003b74                ADC1_IRQHandler
                0x08003b74                USART3_IRQHandler
                0x08003b74                DMA1_Channel7_IRQHandler
                0x08003b74                CAN1_RX1_IRQHandler
                0x08003b74                DMA2_Channel1_IRQHandler
                0x08003b74                QUADSPI_IRQHandler
                0x08003b74                I2C1_EV_IRQHandler
                0x08003b74                DMA1_Channel6_IRQHandler
                0x08003b74                UART4_IRQHandler
                0x08003b74                DMA2_Channel4_IRQHandler
                0x08003b74                TIM3_IRQHandler
                0x08003b74                TIM1_TRG_COM_IRQHandler
                0x08003b74                DMA1_Channel1_IRQHandler
                0x08003b74                Default_Handler
                0x08003b74                DMA2_Channel7_IRQHandler
                0x08003b74                EXTI15_10_IRQHandler
                0x08003b74                SDMMC1_IRQHandler
                0x08003b74                I2C3_EV_IRQHandler
                0x08003b74                EXTI9_5_IRQHandler
                0x08003b74                RTC_WKUP_IRQHandler
                0x08003b74                PVD_PVM_IRQHandler
                0x08003b74                SPI2_IRQHandler
                0x08003b74                CAN1_TX_IRQHandler
                0x08003b74                DMA2_Channel5_IRQHandler
                0x08003b74                CRS_IRQHandler
                0x08003b74                DMA1_Channel5_IRQHandler
                0x08003b74                EXTI4_IRQHandler
                0x08003b74                RNG_IRQHandler
                0x08003b74                DMA1_Channel3_IRQHandler
                0x08003b74                COMP_IRQHandler
                0x08003b74                WWDG_IRQHandler
                0x08003b74                I2C4_EV_IRQHandler
                0x08003b74                LPUART1_IRQHandler
                0x08003b74                DMA2_Channel6_IRQHandler
                0x08003b74                TIM2_IRQHandler
                0x08003b74                EXTI1_IRQHandler
                0x08003b74                USART2_IRQHandler
                0x08003b74                DFSDM1_FLT0_IRQHandler
                0x08003b74                I2C2_ER_IRQHandler
                0x08003b74                DMA1_Channel2_IRQHandler
                0x08003b74                CAN1_SCE_IRQHandler
                0x08003b74                FLASH_IRQHandler
                0x08003b74                USART1_IRQHandler
                0x08003b74                SPI3_IRQHandler
                0x08003b74                I2C1_ER_IRQHandler
                0x08003b74                LPTIM1_IRQHandler
                0x08003b74                I2C4_ER_IRQHandler
                0x08003b74                SAI1_IRQHandler
                0x08003b74                DMA2_Channel3_IRQHandler
                0x08003b74                TIM1_BRK_TIM15_IRQHandler
 *fill*         0x08003b76        0x2 
 .text.__libc_init_array
                0x08003b78       0x48 c:/program files (x86)/atollic/truestudio for stm32 9.3.0/armtools/bin/../lib/gcc/arm-atollic-eabi/6.3.1/../../../../arm-atollic-eabi/lib/armv7e-m/fpu\libc_nano.a(lib_a-init.o)
                0x08003b78                __libc_init_array
 .text.memset   0x08003bc0       0x10 c:/program files (x86)/atollic/truestudio for stm32 9.3.0/armtools/bin/../lib/gcc/arm-atollic-eabi/6.3.1/../../../../arm-atollic-eabi/lib/armv7e-m/fpu\libc_nano.a(lib_a-memset.o)
                0x08003bc0                memset
 *(.glue_7)
 .glue_7        0x08003bd0        0x0 linker stubs
 *(.glue_7t)
 .glue_7t       0x08003bd0        0x0 linker stubs
 *(.eh_frame)
 .eh_frame      0x08003bd0        0x0 c:/program files (x86)/atollic/truestudio for stm32 9.3.0/armtools/bin/../lib/gcc/arm-atollic-eabi/6.3.1/armv7e-m/fpu/crtbegin.o
 *(.init)
 .init          0x08003bd0        0x4 c:/program files (x86)/atollic/truestudio for stm32 9.3.0/armtools/bin/../lib/gcc/arm-atollic-eabi/6.3.1/armv7e-m/fpu/crti.o
                0x08003bd0                _init
 .init          0x08003bd4        0x8 c:/program files (x86)/atollic/truestudio for stm32 9.3.0/armtools/bin/../lib/gcc/arm-atollic-eabi/6.3.1/armv7e-m/fpu/crtn.o
 *(.fini)
 .fini          0x08003bdc        0x4 c:/program files (x86)/atollic/truestudio for stm32 9.3.0/armtools/bin/../lib/gcc/arm-atollic-eabi/6.3.1/armv7e-m/fpu/crti.o
                0x08003bdc                _fini
 .fini          0x08003be0        0x8 c:/program files (x86)/atollic/truestudio for stm32 9.3.0/armtools/bin/../lib/gcc/arm-atollic-eabi/6.3.1/armv7e-m/fpu/crtn.o
                0x08003be8                . = ALIGN (0x4)
                0x08003be8                _etext = .

.vfp11_veneer   0x08003be8        0x0
 .vfp11_veneer  0x08003be8        0x0 linker stubs

.v4_bx          0x08003be8        0x0
 .v4_bx         0x08003be8        0x0 linker stubs

.iplt           0x08003be8        0x0
 .iplt          0x08003be8        0x0 c:/program files (x86)/atollic/truestudio for stm32 9.3.0/armtools/bin/../lib/gcc/arm-atollic-eabi/6.3.1/armv7e-m/fpu/crtbegin.o

.rodata         0x08003be8       0x40
                0x08003be8                . = ALIGN (0x4)
 *(.rodata)
 *(.rodata*)
 .rodata.AHBPrescTable
                0x08003be8       0x10 Core\Src\system_stm32l4xx.o
                0x08003be8                AHBPrescTable
 .rodata.MSIRangeTable
                0x08003bf8       0x30 Core\Src\system_stm32l4xx.o
                0x08003bf8                MSIRangeTable
                0x08003c28                . = ALIGN (0x4)

.rel.dyn        0x08003c28        0x0
 .rel.iplt      0x08003c28        0x0 c:/program files (x86)/atollic/truestudio for stm32 9.3.0/armtools/bin/../lib/gcc/arm-atollic-eabi/6.3.1/armv7e-m/fpu/crtbegin.o

.ARM.extab
 *(.ARM.extab* .gnu.linkonce.armextab.*)

.ARM            0x08003c28        0x0
                0x08003c28                __exidx_start = .
 *(.ARM.exidx*)
                0x08003c28                __exidx_end = .

.preinit_array  0x08003c28        0x0
                0x08003c28                PROVIDE (__preinit_array_start, .)
 *(.preinit_array*)
                0x08003c28                PROVIDE (__preinit_array_end, .)

.init_array     0x08003c28        0x4
                0x08003c28                PROVIDE (__init_array_start, .)
 *(SORT(.init_array.*))
 *(.init_array*)
 .init_array    0x08003c28        0x4 c:/program files (x86)/atollic/truestudio for stm32 9.3.0/armtools/bin/../lib/gcc/arm-atollic-eabi/6.3.1/armv7e-m/fpu/crtbegin.o
                0x08003c2c                PROVIDE (__init_array_end, .)

.fini_array     0x08003c2c        0x4
                [!provide]                PROVIDE (__fini_array_start, .)
 *(SORT(.fini_array.*))
 *(.fini_array*)
 .fini_array    0x08003c2c        0x4 c:/program files (x86)/atollic/truestudio for stm32 9.3.0/armtools/bin/../lib/gcc/arm-atollic-eabi/6.3.1/armv7e-m/fpu/crtbegin.o
                [!provide]                PROVIDE (__fini_array_end, .)
                0x08003c30                _sidata = LOADADDR (.data)

.data           0x20000000        0xc load address 0x08003c30
                0x20000000                . = ALIGN (0x4)
                0x20000000                _sdata = .
 *(.data)
 *(.data*)
 .data.SystemCoreClock
                0x20000000        0x4 Core\Src\system_stm32l4xx.o
                0x20000000                SystemCoreClock
 .data.uwTickPrio
                0x20000004        0x4 Drivers\STM32L4xx_HAL_Driver\Src\stm32l4xx_hal.o
                0x20000004                uwTickPrio
 .data.uwTickFreq
                0x20000008        0x1 Drivers\STM32L4xx_HAL_Driver\Src\stm32l4xx_hal.o
                0x20000008                uwTickFreq
                0x2000000c                . = ALIGN (0x4)
 *fill*         0x20000009        0x3 
                0x2000000c                _edata = .

.igot.plt       0x2000000c        0x0 load address 0x08003c3c
 .igot.plt      0x2000000c        0x0 c:/program files (x86)/atollic/truestudio for stm32 9.3.0/armtools/bin/../lib/gcc/arm-atollic-eabi/6.3.1/armv7e-m/fpu/crtbegin.o
                0x2000000c                . = ALIGN (0x4)

.bss            0x2000000c      0x164 load address 0x08003c3c
                0x2000000c                _sbss = .
                0x2000000c                __bss_start__ = _sbss
 *(.bss)
 .bss           0x2000000c       0x1c c:/program files (x86)/atollic/truestudio for stm32 9.3.0/armtools/bin/../lib/gcc/arm-atollic-eabi/6.3.1/armv7e-m/fpu/crtbegin.o
 *(.bss*)
 .bss.ledToggle
                0x20000028        0x1 Core\Src\appLED.o
                0x20000028                ledToggle
 .bss.appState  0x20000029        0x1 Core\Src\appStateMachine.o
                0x20000029                appState
 *(COMMON)
 COMMON         0x2000002a        0x2 Core\Src\appMotor.o
                0x2000002a                action
                0x2000002b                motorOn
 COMMON         0x2000002c      0x140 Core\Src\main.o
                0x2000002c                hi2c1
                0x20000078                hadc1
                0x200000e0                hspi1
                0x20000144                hcan1
 COMMON         0x2000016c        0x4 Drivers\STM32L4xx_HAL_Driver\Src\stm32l4xx_hal.o
                0x2000016c                uwTick
                0x20000170                . = ALIGN (0x4)
                0x20000170                _ebss = .
                0x20000170                __bss_end__ = _ebss

._user_heap_stack
                0x20000170      0x600 load address 0x08003c3c
                0x20000170                . = ALIGN (0x4)
                0x20000170                PROVIDE (end, .)
                [!provide]                PROVIDE (_end, .)
                0x20000370                . = (. + _Min_Heap_Size)
 *fill*         0x20000170      0x200 
                0x20000770                . = (. + _Min_Stack_Size)
 *fill*         0x20000370      0x400 
                0x20000770                . = ALIGN (0x4)

/DISCARD/
 libc.a(*)
 libm.a(*)
 libgcc.a(*)

.ARM.attributes
                0x00000000       0x30
 *(.ARM.attributes)
 .ARM.attributes
                0x00000000       0x22 c:/program files (x86)/atollic/truestudio for stm32 9.3.0/armtools/bin/../lib/gcc/arm-atollic-eabi/6.3.1/armv7e-m/fpu/crti.o
 .ARM.attributes
                0x00000022       0x34 c:/program files (x86)/atollic/truestudio for stm32 9.3.0/armtools/bin/../lib/gcc/arm-atollic-eabi/6.3.1/armv7e-m/fpu/crtbegin.o
 .ARM.attributes
                0x00000056       0x39 Core\Src\appLED.o
 .ARM.attributes
                0x0000008f       0x39 Core\Src\appMotor.o
 .ARM.attributes
                0x000000c8       0x39 Core\Src\appStateMachine.o
 .ARM.attributes
                0x00000101       0x39 Core\Src\driverButtons.o
 .ARM.attributes
                0x0000013a       0x39 Core\Src\main.o
 .ARM.attributes
                0x00000173       0x39 Core\Src\stm32l4xx_hal_msp.o
 .ARM.attributes
                0x000001ac       0x39 Core\Src\stm32l4xx_it.o
 .ARM.attributes
                0x000001e5       0x39 Core\Src\system_stm32l4xx.o
 .ARM.attributes
                0x0000021e       0x39 Drivers\STM32L4xx_HAL_Driver\Src\stm32l4xx_hal.o
 .ARM.attributes
                0x00000257       0x39 Drivers\STM32L4xx_HAL_Driver\Src\stm32l4xx_hal_adc.o
 .ARM.attributes
                0x00000290       0x39 Drivers\STM32L4xx_HAL_Driver\Src\stm32l4xx_hal_can.o
 .ARM.attributes
                0x000002c9       0x39 Drivers\STM32L4xx_HAL_Driver\Src\stm32l4xx_hal_cortex.o
 .ARM.attributes
                0x00000302       0x39 Drivers\STM32L4xx_HAL_Driver\Src\stm32l4xx_hal_gpio.o
 .ARM.attributes
                0x0000033b       0x39 Drivers\STM32L4xx_HAL_Driver\Src\stm32l4xx_hal_i2c.o
 .ARM.attributes
                0x00000374       0x39 Drivers\STM32L4xx_HAL_Driver\Src\stm32l4xx_hal_i2c_ex.o
 .ARM.attributes
                0x000003ad       0x39 Drivers\STM32L4xx_HAL_Driver\Src\stm32l4xx_hal_pwr_ex.o
 .ARM.attributes
                0x000003e6       0x39 Drivers\STM32L4xx_HAL_Driver\Src\stm32l4xx_hal_rcc.o
 .ARM.attributes
                0x0000041f       0x39 Drivers\STM32L4xx_HAL_Driver\Src\stm32l4xx_hal_rcc_ex.o
 .ARM.attributes
                0x00000458       0x39 Drivers\STM32L4xx_HAL_Driver\Src\stm32l4xx_hal_spi.o
 .ARM.attributes
                0x00000491       0x21 startup\startup_stm32l451xx.o
 .ARM.attributes
                0x000004b2       0x34 c:/program files (x86)/atollic/truestudio for stm32 9.3.0/armtools/bin/../lib/gcc/arm-atollic-eabi/6.3.1/../../../../arm-atollic-eabi/lib/armv7e-m/fpu\libc_nano.a(lib_a-init.o)
 .ARM.attributes
                0x000004e6       0x34 c:/program files (x86)/atollic/truestudio for stm32 9.3.0/armtools/bin/../lib/gcc/arm-atollic-eabi/6.3.1/../../../../arm-atollic-eabi/lib/armv7e-m/fpu\libc_nano.a(lib_a-memset.o)
 .ARM.attributes
                0x0000051a       0x22 c:/program files (x86)/atollic/truestudio for stm32 9.3.0/armtools/bin/../lib/gcc/arm-atollic-eabi/6.3.1/armv7e-m/fpu/crtn.o
OUTPUT(myproject.elf elf32-littlearm)

.debug_info     0x00000000    0x110cf
 .debug_info    0x00000000      0x4b4 Core\Src\appLED.o
 .debug_info    0x000004b4      0x565 Core\Src\appMotor.o
 .debug_info    0x00000a19      0x50e Core\Src\appStateMachine.o
 .debug_info    0x00000f27      0x3fd Core\Src\driverButtons.o
 .debug_info    0x00001324     0x1a29 Core\Src\main.o
 .debug_info    0x00002d4d     0x18e5 Core\Src\stm32l4xx_hal_msp.o
 .debug_info    0x00004632      0x359 Core\Src\stm32l4xx_it.o
 .debug_info    0x0000498b      0x73f Core\Src\system_stm32l4xx.o
 .debug_info    0x000050ca      0xbe9 Drivers\STM32L4xx_HAL_Driver\Src\stm32l4xx_hal.o
 .debug_info    0x00005cb3     0x1df2 Drivers\STM32L4xx_HAL_Driver\Src\stm32l4xx_hal_adc.o
 .debug_info    0x00007aa5     0x1124 Drivers\STM32L4xx_HAL_Driver\Src\stm32l4xx_hal_can.o
 .debug_info    0x00008bc9      0xf1c Drivers\STM32L4xx_HAL_Driver\Src\stm32l4xx_hal_cortex.o
 .debug_info    0x00009ae5      0x9cc Drivers\STM32L4xx_HAL_Driver\Src\stm32l4xx_hal_gpio.o
 .debug_info    0x0000a4b1     0x2107 Drivers\STM32L4xx_HAL_Driver\Src\stm32l4xx_hal_i2c.o
 .debug_info    0x0000c5b8      0xb87 Drivers\STM32L4xx_HAL_Driver\Src\stm32l4xx_hal_i2c_ex.o
 .debug_info    0x0000d13f      0xa7f Drivers\STM32L4xx_HAL_Driver\Src\stm32l4xx_hal_pwr_ex.o
 .debug_info    0x0000dbbe      0xce8 Drivers\STM32L4xx_HAL_Driver\Src\stm32l4xx_hal_rcc.o
 .debug_info    0x0000e8a6     0x1039 Drivers\STM32L4xx_HAL_Driver\Src\stm32l4xx_hal_rcc_ex.o
 .debug_info    0x0000f8df     0x1788 Drivers\STM32L4xx_HAL_Driver\Src\stm32l4xx_hal_spi.o
 .debug_info    0x00011067       0x68 startup\startup_stm32l451xx.o

.debug_abbrev   0x00000000     0x2338
 .debug_abbrev  0x00000000      0x151 Core\Src\appLED.o
 .debug_abbrev  0x00000151      0x169 Core\Src\appMotor.o
 .debug_abbrev  0x000002ba      0x160 Core\Src\appStateMachine.o
 .debug_abbrev  0x0000041a      0x133 Core\Src\driverButtons.o
 .debug_abbrev  0x0000054d      0x244 Core\Src\main.o
 .debug_abbrev  0x00000791      0x1fe Core\Src\stm32l4xx_hal_msp.o
 .debug_abbrev  0x0000098f       0xdd Core\Src\stm32l4xx_it.o
 .debug_abbrev  0x00000a6c      0x14b Core\Src\system_stm32l4xx.o
 .debug_abbrev  0x00000bb7      0x1f6 Drivers\STM32L4xx_HAL_Driver\Src\stm32l4xx_hal.o
 .debug_abbrev  0x00000dad      0x258 Drivers\STM32L4xx_HAL_Driver\Src\stm32l4xx_hal_adc.o
 .debug_abbrev  0x00001005      0x23c Drivers\STM32L4xx_HAL_Driver\Src\stm32l4xx_hal_can.o
 .debug_abbrev  0x00001241      0x2f5 Drivers\STM32L4xx_HAL_Driver\Src\stm32l4xx_hal_cortex.o
 .debug_abbrev  0x00001536      0x1bb Drivers\STM32L4xx_HAL_Driver\Src\stm32l4xx_hal_gpio.o
 .debug_abbrev  0x000016f1      0x225 Drivers\STM32L4xx_HAL_Driver\Src\stm32l4xx_hal_i2c.o
 .debug_abbrev  0x00001916      0x1b4 Drivers\STM32L4xx_HAL_Driver\Src\stm32l4xx_hal_i2c_ex.o
 .debug_abbrev  0x00001aca      0x1c6 Drivers\STM32L4xx_HAL_Driver\Src\stm32l4xx_hal_pwr_ex.o
 .debug_abbrev  0x00001c90      0x240 Drivers\STM32L4xx_HAL_Driver\Src\stm32l4xx_hal_rcc.o
 .debug_abbrev  0x00001ed0      0x233 Drivers\STM32L4xx_HAL_Driver\Src\stm32l4xx_hal_rcc_ex.o
 .debug_abbrev  0x00002103      0x223 Drivers\STM32L4xx_HAL_Driver\Src\stm32l4xx_hal_spi.o
 .debug_abbrev  0x00002326       0x12 startup\startup_stm32l451xx.o

.debug_aranges  0x00000000      0xf50
 .debug_aranges
                0x00000000       0x28 Core\Src\appLED.o
 .debug_aranges
                0x00000028       0x40 Core\Src\appMotor.o
 .debug_aranges
                0x00000068       0x30 Core\Src\appStateMachine.o
 .debug_aranges
                0x00000098       0x30 Core\Src\driverButtons.o
 .debug_aranges
                0x000000c8       0x58 Core\Src\main.o
 .debug_aranges
                0x00000120       0x60 Core\Src\stm32l4xx_hal_msp.o
 .debug_aranges
                0x00000180       0x68 Core\Src\stm32l4xx_it.o
 .debug_aranges
                0x000001e8       0x28 Core\Src\system_stm32l4xx.o
 .debug_aranges
                0x00000210      0x130 Drivers\STM32L4xx_HAL_Driver\Src\stm32l4xx_hal.o
 .debug_aranges
                0x00000340      0x218 Drivers\STM32L4xx_HAL_Driver\Src\stm32l4xx_hal_adc.o
 .debug_aranges
                0x00000558      0x138 Drivers\STM32L4xx_HAL_Driver\Src\stm32l4xx_hal_can.o
 .debug_aranges
                0x00000690      0x118 Drivers\STM32L4xx_HAL_Driver\Src\stm32l4xx_hal_cortex.o
 .debug_aranges
                0x000007a8       0x58 Drivers\STM32L4xx_HAL_Driver\Src\stm32l4xx_hal_gpio.o
 .debug_aranges
                0x00000800      0x290 Drivers\STM32L4xx_HAL_Driver\Src\stm32l4xx_hal_i2c.o
 .debug_aranges
                0x00000a90       0x48 Drivers\STM32L4xx_HAL_Driver\Src\stm32l4xx_hal_i2c_ex.o
 .debug_aranges
                0x00000ad8      0x100 Drivers\STM32L4xx_HAL_Driver\Src\stm32l4xx_hal_pwr_ex.o
 .debug_aranges
                0x00000bd8       0x88 Drivers\STM32L4xx_HAL_Driver\Src\stm32l4xx_hal_rcc.o
 .debug_aranges
                0x00000c60       0xf0 Drivers\STM32L4xx_HAL_Driver\Src\stm32l4xx_hal_rcc_ex.o
 .debug_aranges
                0x00000d50      0x1d8 Drivers\STM32L4xx_HAL_Driver\Src\stm32l4xx_hal_spi.o
 .debug_aranges
                0x00000f28       0x28 startup\startup_stm32l451xx.o

.debug_ranges   0x00000000      0xe18
 .debug_ranges  0x00000000       0x18 Core\Src\appLED.o
 .debug_ranges  0x00000018       0x30 Core\Src\appMotor.o
 .debug_ranges  0x00000048       0x20 Core\Src\appStateMachine.o
 .debug_ranges  0x00000068       0x20 Core\Src\driverButtons.o
 .debug_ranges  0x00000088       0x48 Core\Src\main.o
 .debug_ranges  0x000000d0       0x50 Core\Src\stm32l4xx_hal_msp.o
 .debug_ranges  0x00000120       0x58 Core\Src\stm32l4xx_it.o
 .debug_ranges  0x00000178       0x18 Core\Src\system_stm32l4xx.o
 .debug_ranges  0x00000190      0x120 Drivers\STM32L4xx_HAL_Driver\Src\stm32l4xx_hal.o
 .debug_ranges  0x000002b0      0x208 Drivers\STM32L4xx_HAL_Driver\Src\stm32l4xx_hal_adc.o
 .debug_ranges  0x000004b8      0x128 Drivers\STM32L4xx_HAL_Driver\Src\stm32l4xx_hal_can.o
 .debug_ranges  0x000005e0      0x108 Drivers\STM32L4xx_HAL_Driver\Src\stm32l4xx_hal_cortex.o
 .debug_ranges  0x000006e8       0x48 Drivers\STM32L4xx_HAL_Driver\Src\stm32l4xx_hal_gpio.o
 .debug_ranges  0x00000730      0x280 Drivers\STM32L4xx_HAL_Driver\Src\stm32l4xx_hal_i2c.o
 .debug_ranges  0x000009b0       0x38 Drivers\STM32L4xx_HAL_Driver\Src\stm32l4xx_hal_i2c_ex.o
 .debug_ranges  0x000009e8       0xf0 Drivers\STM32L4xx_HAL_Driver\Src\stm32l4xx_hal_pwr_ex.o
 .debug_ranges  0x00000ad8       0x78 Drivers\STM32L4xx_HAL_Driver\Src\stm32l4xx_hal_rcc.o
 .debug_ranges  0x00000b50       0xe0 Drivers\STM32L4xx_HAL_Driver\Src\stm32l4xx_hal_rcc_ex.o
 .debug_ranges  0x00000c30      0x1c8 Drivers\STM32L4xx_HAL_Driver\Src\stm32l4xx_hal_spi.o
 .debug_ranges  0x00000df8       0x20 startup\startup_stm32l451xx.o

.debug_line     0x00000000     0x75a7
 .debug_line    0x00000000      0x2b3 Core\Src\appLED.o
 .debug_line    0x000002b3      0x2df Core\Src\appMotor.o
 .debug_line    0x00000592      0x2af Core\Src\appStateMachine.o
 .debug_line    0x00000841      0x25b Core\Src\driverButtons.o
 .debug_line    0x00000a9c      0x458 Core\Src\main.o
 .debug_line    0x00000ef4      0x37b Core\Src\stm32l4xx_hal_msp.o
 .debug_line    0x0000126f      0x2ac Core\Src\stm32l4xx_it.o
 .debug_line    0x0000151b      0x25e Core\Src\system_stm32l4xx.o
 .debug_line    0x00001779      0x4c5 Drivers\STM32L4xx_HAL_Driver\Src\stm32l4xx_hal.o
 .debug_line    0x00001c3e      0xf02 Drivers\STM32L4xx_HAL_Driver\Src\stm32l4xx_hal_adc.o
 .debug_line    0x00002b40      0x706 Drivers\STM32L4xx_HAL_Driver\Src\stm32l4xx_hal_can.o
 .debug_line    0x00003246      0x583 Drivers\STM32L4xx_HAL_Driver\Src\stm32l4xx_hal_cortex.o
 .debug_line    0x000037c9      0x3cc Drivers\STM32L4xx_HAL_Driver\Src\stm32l4xx_hal_gpio.o
 .debug_line    0x00003b95     0x1644 Drivers\STM32L4xx_HAL_Driver\Src\stm32l4xx_hal_i2c.o
 .debug_line    0x000051d9      0x396 Drivers\STM32L4xx_HAL_Driver\Src\stm32l4xx_hal_i2c_ex.o
 .debug_line    0x0000556f      0x513 Drivers\STM32L4xx_HAL_Driver\Src\stm32l4xx_hal_pwr_ex.o
 .debug_line    0x00005a82      0x588 Drivers\STM32L4xx_HAL_Driver\Src\stm32l4xx_hal_rcc.o
 .debug_line    0x0000600a      0x827 Drivers\STM32L4xx_HAL_Driver\Src\stm32l4xx_hal_rcc_ex.o
 .debug_line    0x00006831      0xcf6 Drivers\STM32L4xx_HAL_Driver\Src\stm32l4xx_hal_spi.o
 .debug_line    0x00007527       0x80 startup\startup_stm32l451xx.o

.debug_str      0x00000000     0x4d90
 .debug_str     0x00000000      0x524 Core\Src\appLED.o
                                0x587 (size before relaxing)
 .debug_str     0x00000524       0xb5 Core\Src\appMotor.o
                                0x5d9 (size before relaxing)
 .debug_str     0x000005d9       0x5e Core\Src\appStateMachine.o
                                0x5c5 (size before relaxing)
 .debug_str     0x00000637       0x66 Core\Src\driverButtons.o
                                0x54c (size before relaxing)
 .debug_str     0x0000069d      0xf72 Core\Src\main.o
                               0x160c (size before relaxing)
 .debug_str     0x0000160f      0x4f7 Core\Src\stm32l4xx_hal_msp.o
                               0x15d8 (size before relaxing)
 .debug_str     0x00001b06       0xba Core\Src\stm32l4xx_it.o
                                0x4ce (size before relaxing)
 .debug_str     0x00001bc0       0xb8 Core\Src\system_stm32l4xx.o
                                0x625 (size before relaxing)
 .debug_str     0x00001c78      0x3e8 Drivers\STM32L4xx_HAL_Driver\Src\stm32l4xx_hal.o
                                0xe02 (size before relaxing)
 .debug_str     0x00002060      0x8ae Drivers\STM32L4xx_HAL_Driver\Src\stm32l4xx_hal_adc.o
                               0x1263 (size before relaxing)
 .debug_str     0x0000290e      0x550 Drivers\STM32L4xx_HAL_Driver\Src\stm32l4xx_hal_can.o
                                0xcb1 (size before relaxing)
 .debug_str     0x00002e5e      0x489 Drivers\STM32L4xx_HAL_Driver\Src\stm32l4xx_hal_cortex.o
                                0xddc (size before relaxing)
 .debug_str     0x000032e7      0x154 Drivers\STM32L4xx_HAL_Driver\Src\stm32l4xx_hal_gpio.o
                                0x7cd (size before relaxing)
 .debug_str     0x0000343b      0x879 Drivers\STM32L4xx_HAL_Driver\Src\stm32l4xx_hal_i2c.o
                               0x1188 (size before relaxing)
 .debug_str     0x00003cb4       0xf3 Drivers\STM32L4xx_HAL_Driver\Src\stm32l4xx_hal_i2c_ex.o
                                0xb43 (size before relaxing)
 .debug_str     0x00003da7      0x433 Drivers\STM32L4xx_HAL_Driver\Src\stm32l4xx_hal_pwr_ex.o
                                0x980 (size before relaxing)
 .debug_str     0x000041da      0x21b Drivers\STM32L4xx_HAL_Driver\Src\stm32l4xx_hal_rcc.o
                                0xa33 (size before relaxing)
 .debug_str     0x000043f5      0x44d Drivers\STM32L4xx_HAL_Driver\Src\stm32l4xx_hal_rcc_ex.o
                                0xda3 (size before relaxing)
 .debug_str     0x00004842      0x54e Drivers\STM32L4xx_HAL_Driver\Src\stm32l4xx_hal_spi.o
                                0xdc3 (size before relaxing)

.comment        0x00000000       0x7c
 .comment       0x00000000       0x7c Core\Src\appLED.o
                                 0x7d (size before relaxing)
 .comment       0x0000007c       0x7d Core\Src\appMotor.o
 .comment       0x0000007c       0x7d Core\Src\appStateMachine.o
 .comment       0x0000007c       0x7d Core\Src\driverButtons.o
 .comment       0x0000007c       0x7d Core\Src\main.o
 .comment       0x0000007c       0x7d Core\Src\stm32l4xx_hal_msp.o
 .comment       0x0000007c       0x7d Core\Src\stm32l4xx_it.o
 .comment       0x0000007c       0x7d Core\Src\system_stm32l4xx.o
 .comment       0x0000007c       0x7d Drivers\STM32L4xx_HAL_Driver\Src\stm32l4xx_hal.o
 .comment       0x0000007c       0x7d Drivers\STM32L4xx_HAL_Driver\Src\stm32l4xx_hal_adc.o
 .comment       0x0000007c       0x7d Drivers\STM32L4xx_HAL_Driver\Src\stm32l4xx_hal_can.o
 .comment       0x0000007c       0x7d Drivers\STM32L4xx_HAL_Driver\Src\stm32l4xx_hal_cortex.o
 .comment       0x0000007c       0x7d Drivers\STM32L4xx_HAL_Driver\Src\stm32l4xx_hal_gpio.o
 .comment       0x0000007c       0x7d Drivers\STM32L4xx_HAL_Driver\Src\stm32l4xx_hal_i2c.o
 .comment       0x0000007c       0x7d Drivers\STM32L4xx_HAL_Driver\Src\stm32l4xx_hal_i2c_ex.o
 .comment       0x0000007c       0x7d Drivers\STM32L4xx_HAL_Driver\Src\stm32l4xx_hal_pwr_ex.o
 .comment       0x0000007c       0x7d Drivers\STM32L4xx_HAL_Driver\Src\stm32l4xx_hal_rcc.o
 .comment       0x0000007c       0x7d Drivers\STM32L4xx_HAL_Driver\Src\stm32l4xx_hal_rcc_ex.o
 .comment       0x0000007c       0x7d Drivers\STM32L4xx_HAL_Driver\Src\stm32l4xx_hal_spi.o

.debug_frame    0x00000000     0x3f2c
 .debug_frame   0x00000000       0x50 Core\Src\appLED.o
 .debug_frame   0x00000050       0xb8 Core\Src\appMotor.o
 .debug_frame   0x00000108       0x78 Core\Src\appStateMachine.o
 .debug_frame   0x00000180       0x78 Core\Src\driverButtons.o
 .debug_frame   0x000001f8      0x110 Core\Src\main.o
 .debug_frame   0x00000308      0x154 Core\Src\stm32l4xx_hal_msp.o
 .debug_frame   0x0000045c      0x12c Core\Src\stm32l4xx_it.o
 .debug_frame   0x00000588       0x58 Core\Src\system_stm32l4xx.o
 .debug_frame   0x000005e0      0x498 Drivers\STM32L4xx_HAL_Driver\Src\stm32l4xx_hal.o
 .debug_frame   0x00000a78      0x9d8 Drivers\STM32L4xx_HAL_Driver\Src\stm32l4xx_hal_adc.o
 .debug_frame   0x00001450      0x5a0 Drivers\STM32L4xx_HAL_Driver\Src\stm32l4xx_hal_can.o
 .debug_frame   0x000019f0      0x498 Drivers\STM32L4xx_HAL_Driver\Src\stm32l4xx_hal_cortex.o
 .debug_frame   0x00001e88      0x14c Drivers\STM32L4xx_HAL_Driver\Src\stm32l4xx_hal_gpio.o
 .debug_frame   0x00001fd4      0xbe4 Drivers\STM32L4xx_HAL_Driver\Src\stm32l4xx_hal_i2c.o
 .debug_frame   0x00002bb8      0x100 Drivers\STM32L4xx_HAL_Driver\Src\stm32l4xx_hal_i2c_ex.o
 .debug_frame   0x00002cb8      0x404 Drivers\STM32L4xx_HAL_Driver\Src\stm32l4xx_hal_pwr_ex.o
 .debug_frame   0x000030bc      0x1f4 Drivers\STM32L4xx_HAL_Driver\Src\stm32l4xx_hal_rcc.o
 .debug_frame   0x000032b0      0x3d0 Drivers\STM32L4xx_HAL_Driver\Src\stm32l4xx_hal_rcc_ex.o
 .debug_frame   0x00003680      0x860 Drivers\STM32L4xx_HAL_Driver\Src\stm32l4xx_hal_spi.o
 .debug_frame   0x00003ee0       0x2c c:/program files (x86)/atollic/truestudio for stm32 9.3.0/armtools/bin/../lib/gcc/arm-atollic-eabi/6.3.1/../../../../arm-atollic-eabi/lib/armv7e-m/fpu\libc_nano.a(lib_a-init.o)
 .debug_frame   0x00003f0c       0x20 c:/program files (x86)/atollic/truestudio for stm32 9.3.0/armtools/bin/../lib/gcc/arm-atollic-eabi/6.3.1/../../../../arm-atollic-eabi/lib/armv7e-m/fpu\libc_nano.a(lib_a-memset.o)
